Microsoft Windows [Version 10.0.17134.765]
(c) 2018 Microsoft Corporation. All rights reserved.

C:\Users\david>cd Downloads

C:\Users\david\Downloads>cd fsnd-virtual-machine\FSND-Virtual-Machine\vagrant

C:\Users\david\Downloads\fsnd-virtual-machine\FSND-Virtual-Machine\vagrant>vagrant up
Bringing machine 'default' up with 'virtualbox' provider...
==> default: Checking if box 'bento/ubuntu-16.04' version '2.3.5' is up to date...
==> default: Clearing any previously set forwarded ports...
==> default: Clearing any previously set network interfaces...
==> default: Preparing network interfaces based on configuration...
    default: Adapter 1: nat
==> default: Forwarding ports...
    default: 8000 (guest) => 8000 (host) (adapter 1)
    default: 8080 (guest) => 8080 (host) (adapter 1)
    default: 5000 (guest) => 5000 (host) (adapter 1)
    default: 22 (guest) => 2222 (host) (adapter 1)
==> default: Running 'pre-boot' VM customizations...
==> default: Booting VM...
==> default: Waiting for machine to boot. This may take a few minutes...
    default: SSH address: 127.0.0.1:2222
    default: SSH username: vagrant
    default: SSH auth method: private key
==> default: Machine booted and ready!
==> default: Checking for guest additions in VM...
    default: The guest additions on this VM do not match the installed version of
    default: VirtualBox! In most cases this is fine, but in rare cases it can
    default: prevent things such as shared folders from working properly. If you see
    default: shared folder errors, please make sure the guest additions within the
    default: virtual machine match the version of VirtualBox you have installed on
    default: your host and reload your VM.
    default:
    default: Guest Additions Version: 5.1.21
    default: VirtualBox Version: 6.0
==> default: Mounting shared folders...
    default: /vagrant => C:/Users/david/Downloads/fsnd-virtual-machine/FSND-Virtual-Machine/vagrant
==> default: Machine already provisioned. Run `vagrant provision` or use the `--provision`
==> default: flag to force provisioning. Provisioners marked to run always will still run.

C:\Users\david\Downloads\fsnd-virtual-machine\FSND-Virtual-Machine\vagrant>vagrant ssh
Welcome to Ubuntu 16.04.6 LTS (GNU/Linux 4.4.0-75-generic x86_64)

 * Documentation:  https://help.ubuntu.com
 * Management:     https://landscape.canonical.com
 * Support:        https://ubuntu.com/advantage

16 packages can be updated.
5 updates are security updates.


The shared directory is located at /vagrant
To access your shared files: cd /vagrant
Last login: Fri May 17 17:15:09 2019 from 10.0.2.2
vagrant@vagrant:~$ cd /vagrant
vagrant@vagrant:/vagrant$ cd Log_Analysis
vagrant@vagrant:/vagrant/Log_Analysis$ git init
Initialized empty Git repository in /vagrant/Log_Analysis/.git/
vagrant@vagrant:/vagrant/Log_Analysis$ git clone https://github.com/techsecurity/cyber_logs
Cloning into 'cyber_logs'...
remote: Enumerating objects: 6, done.
remote: Counting objects: 100% (6/6), done.
remote: Compressing objects: 100% (3/3), done.
remote: Total 6 (delta 0), reused 0 (delta 0), pack-reused 0
Unpacking objects: 100% (6/6), done.
Checking connectivity... done.
vagrant@vagrant:/vagrant/Log_Analysis$ ls
cyber_logs  newsdb.py  output.txt  Read me.txt
vagrant@vagrant:/vagrant/Log_Analysis$ cd ..
vagrant@vagrant:/vagrant$ cd test
vagrant@vagrant:/vagrant/test$ git clone https://github.com/techsecurity/cyber_logs
Cloning into 'cyber_logs'...
remote: Enumerating objects: 6, done.
remote: Counting objects: 100% (6/6), done.
remote: Compressing objects: 100% (3/3), done.
remote: Total 6 (delta 0), reused 0 (delta 0), pack-reused 0
Unpacking objects: 100% (6/6), done.
Checking connectivity... done.
vagrant@vagrant:/vagrant/test$ ls
cyber_logs
vagrant@vagrant:/vagrant/test$ cd cyber_logs
vagrant@vagrant:/vagrant/test/cyber_logs$ cd ..
vagrant@vagrant:/vagrant/test$ cd ..
vagrant@vagrant:/vagrant$ cd Log_Analysis
vagrant@vagrant:/vagrant/Log_Analysis$ ls
cyber_logs  newsdb.py  output.txt  Read me.txt
vagrant@vagrant:/vagrant/Log_Analysis$ cd cyber_logs
vagrant@vagrant:/vagrant/Log_Analysis/cyber_logs$ cd ..
vagrant@vagrant:/vagrant/Log_Analysis$ cd ..
vagrant@vagrant:/vagrant$ mkdir cyber_logs
vagrant@vagrant:/vagrant$ cd cyber_logs
vagrant@vagrant:/vagrant/cyber_logs$ git init
Initialized empty Git repository in /vagrant/cyber_logs/.git/
vagrant@vagrant:/vagrant/cyber_logs$ cd ..
vagrant@vagrant:/vagrant$ cd Log_Analysis
vagrant@vagrant:/vagrant/Log_Analysis$ cd cyber_logs
vagrant@vagrant:/vagrant/Log_Analysis/cyber_logs$ ls
README.md
vagrant@vagrant:/vagrant/Log_Analysis/cyber_logs$ git log
commit 49d14bb04f863a864da9c74c42ebef0cbf46bc7d
Author: techsecurity <davidjohnson.computech@gmail.com>
Date:   Tue May 21 08:27:25 2019 -0400

    Update README.md

commit 951be3cae335d0bf0a68f2728b3aca6a5a084e66
Author: techsecurity <davidjohnson.computech@gmail.com>
Date:   Tue May 21 08:26:12 2019 -0400

    Initial commit
vagrant@vagrant:/vagrant/Log_Analysis/cyber_logs$ git status
On branch master
Your branch is up-to-date with 'origin/master'.
nothing to commit, working directory clean
vagrant@vagrant:/vagrant/Log_Analysis/cyber_logs$ cd ..
vagrant@vagrant:/vagrant/Log_Analysis$ ls
cyber_logs  newsdb.py  output.txt  Read me.txt
vagrant@vagrant:/vagrant/Log_Analysis$ cp newsdb.py cyber_logs
vagrant@vagrant:/vagrant/Log_Analysis$ cp output.py cyber_logs
cp: cannot stat 'output.py': No such file or directory
vagrant@vagrant:/vagrant/Log_Analysis$ cp output.txt cyber_logs
vagrant@vagrant:/vagrant/Log_Analysis$ cp cd cyber_logs
cp: cannot stat 'cd': No such file or directory
vagrant@vagrant:/vagrant/Log_Analysis$ cd cyber_logs
vagrant@vagrant:/vagrant/Log_Analysis/cyber_logs$ ls
forum.py  newsdb.py  output.txt  README.md
vagrant@vagrant:/vagrant/Log_Analysis/cyber_logs$ git status
On branch master
Your branch is up-to-date with 'origin/master'.
Untracked files:
  (use "git add <file>..." to include in what will be committed)

        forum.py
        newsdb.py
        output.txt

nothing added to commit but untracked files present (use "git add" to track)
vagrant@vagrant:/vagrant/Log_Analysis/cyber_logs$ add newsdb.py
-bash: add: command not found
vagrant@vagrant:/vagrant/Log_Analysis/cyber_logs$ git add newsdb.py
vagrant@vagrant:/vagrant/Log_Analysis/cyber_logs$ git status
On branch master
Your branch is up-to-date with 'origin/master'.
Changes to be committed:
  (use "git reset HEAD <file>..." to unstage)

        new file:   newsdb.py

Untracked files:
  (use "git add <file>..." to include in what will be committed)

        forum.py
        output.txt

vagrant@vagrant:/vagrant/Log_Analysis/cyber_logs$ add output.txt
-bash: add: command not found
vagrant@vagrant:/vagrant/Log_Analysis/cyber_logs$ git add output.txt
vagrant@vagrant:/vagrant/Log_Analysis/cyber_logs$ git status
On branch master
Your branch is up-to-date with 'origin/master'.
Changes to be committed:
  (use "git reset HEAD <file>..." to unstage)

        new file:   newsdb.py
        new file:   output.txt

Untracked files:
  (use "git add <file>..." to include in what will be committed)

        forum.py

vagrant@vagrant:/vagrant/Log_Analysis/cyber_logs$ git remote
origin
vagrant@vagrant:/vagrant/Log_Analysis/cyber_logs$ git status
On branch master
Your branch is up-to-date with 'origin/master'.
Changes to be committed:
  (use "git reset HEAD <file>..." to unstage)

        new file:   newsdb.py
        new file:   output.txt

Untracked files:
  (use "git add <file>..." to include in what will be committed)

        forum.py

vagrant@vagrant:/vagrant/Log_Analysis/cyber_logs$ git remote -v
origin  https://github.com/techsecurity/cyber_logs (fetch)
origin  https://github.com/techsecurity/cyber_logs (push)
vagrant@vagrant:/vagrant/Log_Analysis/cyber_logs$ git push
warning: push.default is unset; its implicit value has changed in
Git 2.0 from 'matching' to 'simple'. To squelch this message
and maintain the traditional behavior, use:

  git config --global push.default matching

To squelch this message and adopt the new behavior now, use:

  git config --global push.default simple

When push.default is set to 'matching', git will push local branches
to the remote branches that already exist with the same name.

Since Git 2.0, Git defaults to the more conservative 'simple'
behavior, which only pushes the current branch to the corresponding
remote branch that 'git pull' uses to update the current branch.

See 'git help config' and search for 'push.default' for further information.
(the 'simple' mode was introduced in Git 1.7.11. Use the similar mode
'current' instead of 'simple' if you sometimes use older versions of Git)

Username for 'https://github.com': david.johnson^H^H^H^H^[[3~^[[3~^H^[[D
Password for 'https://david.j@github.com':
remote: Invalid username or password.
fatal: Authentication failed for 'https://github.com/techsecurity/cyber_logs/'
vagrant@vagrant:/vagrant/Log_Analysis/cyber_logs$ git push
warning: push.default is unset; its implicit value has changed in
Git 2.0 from 'matching' to 'simple'. To squelch this message
and maintain the traditional behavior, use:

  git config --global push.default matching

To squelch this message and adopt the new behavior now, use:

  git config --global push.default simple

When push.default is set to 'matching', git will push local branches
to the remote branches that already exist with the same name.

Since Git 2.0, Git defaults to the more conservative 'simple'
behavior, which only pushes the current branch to the corresponding
remote branch that 'git pull' uses to update the current branch.

See 'git help config' and search for 'push.default' for further information.
(the 'simple' mode was introduced in Git 1.7.11. Use the similar mode
'current' instead of 'simple' if you sometimes use older versions of Git)

Username for 'https://github.com': davidjohnson.computech@gmail.com
Password for 'https://davidjohnson.computech@gmail.com@github.com':
Everything up-to-date
vagrant@vagrant:/vagrant/Log_Analysis/cyber_logs$ git push origin master
Username for 'https://github.com': davidjohnson.computech@gmail.com
Password for 'https://davidjohnson.computech@gmail.com@github.com':
Everything up-to-date
vagrant@vagrant:/vagrant/Log_Analysis/cyber_logs$ git push origin master
Username for 'https://github.com': tech^H^H^H^H
Password for 'https://@github.com':
remote: Invalid username or password.
fatal: Authentication failed for 'https://github.com/techsecurity/cyber_logs/'
vagrant@vagrant:/vagrant/Log_Analysis/cyber_logs$ git push origin master
Username for 'https://github.com': techsecurity
Password for 'https://techsecurity@github.com':
Everything up-to-date
vagrant@vagrant:/vagrant/Log_Analysis/cyber_logs$ git push origin master
Username for 'https://github.com': techsecurity
Password for 'https://techsecurity@github.com':
Everything up-to-date
vagrant@vagrant:/vagrant/Log_Analysis/cyber_logs$ log status
-bash: log: command not found
vagrant@vagrant:/vagrant/Log_Analysis/cyber_logs$ git log
commit 49d14bb04f863a864da9c74c42ebef0cbf46bc7d
Author: techsecurity <davidjohnson.computech@gmail.com>
Date:   Tue May 21 08:27:25 2019 -0400

    Update README.md

commit 951be3cae335d0bf0a68f2728b3aca6a5a084e66
Author: techsecurity <davidjohnson.computech@gmail.com>
Date:   Tue May 21 08:26:12 2019 -0400

    Initial commit
vagrant@vagrant:/vagrant/Log_Analysis/cyber_logs$ git status
On branch master
Your branch is up-to-date with 'origin/master'.
Changes to be committed:
  (use "git reset HEAD <file>..." to unstage)

        new file:   newsdb.py
        new file:   output.txt

Untracked files:
  (use "git add <file>..." to include in what will be committed)

        forum.py

vagrant@vagrant:/vagrant/Log_Analysis/cyber_logs$ git commit
Aborting commit due to empty commit message.
vagrant@vagrant:/vagrant/Log_Analysis/cyber_logs$ git commit -m "Initial commit"
[master c4fa4ac] Initial commit
 Committer: vagrant <vagrant@vagrant.vm>
Your name and email address were configured automatically based
on your username and hostname. Please check that they are accurate.
You can suppress this message by setting them explicitly. Run the
following command and follow the instructions in your editor to edit
your configuration file:

    git config --global --edit

After doing this, you may fix the identity used for this commit with:

    git commit --amend --reset-author

 2 files changed, 101 insertions(+)
 create mode 100644 newsdb.py
 create mode 100644 output.txt
vagrant@vagrant:/vagrant/Log_Analysis/cyber_logs$ git push origin master
Username for 'https://github.com': techsecurity
Password for 'https://techsecurity@github.com':
Counting objects: 4, done.
Compressing objects: 100% (4/4), done.
Writing objects: 100% (4/4), 1.42 KiB | 0 bytes/s, done.
Total 4 (delta 0), reused 0 (delta 0)
To https://github.com/techsecurity/cyber_logs
   49d14bb..c4fa4ac  master -> master
vagrant@vagrant:/vagrant/Log_Analysis/cyber_logs$ n



